
Found a 'test' script in the Anchor.toml. Running it as a test suite!

Running test suite: "/Users/chanthawat/Developments/gridtokenx-platform-infa/gridtokenx-anchor/Anchor.toml"

Found 9 test files to run.

---------------------------------------------------------
Running test: blockbench.ts
---------------------------------------------------------
TYPE: Mocha Test (using mocha)


  Blockbench Program
    1) Initializes benchmark configuration
    ✔ Performs 'do_nothing' benchmark (206ms)
    2) Performs 'cpu_heavy_sort' benchmark
    3) Initializes YCSB store
    4) Performs YCSB insert
    5) Performs YCSB read
    6) Records a metric
    7) Resets metrics


  1 passing (216ms)
  7 failing

  1) Blockbench Program
       Initializes benchmark configuration:
     TypeError: anchor.BN is not a constructor
      at Context.<anonymous> (tests/blockbench.ts:35:31)
      at process.processImmediate (node:internal/timers:504:21)

  2) Blockbench Program
       Performs 'cpu_heavy_sort' benchmark:
     TypeError: anchor.BN is not a constructor
      at Context.<anonymous> (tests/blockbench.ts:64:48)
      at process.processImmediate (node:internal/timers:504:21)

  3) Blockbench Program
       Initializes YCSB store:
     Error: Account `ycsbStore` not provided.
      at <anonymous> (node_modules/.pnpm/@coral-xyz+anchor@0.32.1_bufferutil@4.1.0_typescript@5.9.3_utf-8-validate@5.0.10/node_modules/@coral-xyz/anchor/src/program/common.ts:51:15)
      at Array.forEach (<anonymous>)
      at validateAccounts (node_modules/.pnpm/@coral-xyz+anchor@0.32.1_bufferutil@4.1.0_typescript@5.9.3_utf-8-validate@5.0.10/node_modules/@coral-xyz/anchor/src/program/common.ts:46:14)
      at ix (node_modules/.pnpm/@coral-xyz+anchor@0.32.1_bufferutil@4.1.0_typescript@5.9.3_utf-8-validate@5.0.10/node_modules/@coral-xyz/anchor/src/program/namespace/instruction.ts:44:23)
      at txFn (node_modules/.pnpm/@coral-xyz+anchor@0.32.1_bufferutil@4.1.0_typescript@5.9.3_utf-8-validate@5.0.10/node_modules/@coral-xyz/anchor/src/program/namespace/transaction.ts:24:14)
      at MethodsBuilder.rpc (node_modules/.pnpm/@coral-xyz+anchor@0.32.1_bufferutil@4.1.0_typescript@5.9.3_utf-8-validate@5.0.10/node_modules/@coral-xyz/anchor/src/program/namespace/rpc.ts:21:18)
      at MethodsBuilder.rpc (node_modules/.pnpm/@coral-xyz+anchor@0.32.1_bufferutil@4.1.0_typescript@5.9.3_utf-8-validate@5.0.10/node_modules/@coral-xyz/anchor/src/program/namespace/methods.ts:434:17)
      at async Context.<anonymous> (tests/blockbench.ts:71:13)

  4) Blockbench Program
       Performs YCSB insert:
     Error: Account `ycsbStore` not provided.
      at <anonymous> (node_modules/.pnpm/@coral-xyz+anchor@0.32.1_bufferutil@4.1.0_typescript@5.9.3_utf-8-validate@5.0.10/node_modules/@coral-xyz/anchor/src/program/common.ts:51:15)
      at Array.forEach (<anonymous>)
      at validateAccounts (node_modules/.pnpm/@coral-xyz+anchor@0.32.1_bufferutil@4.1.0_typescript@5.9.3_utf-8-validate@5.0.10/node_modules/@coral-xyz/anchor/src/program/common.ts:46:14)
      at ix (node_modules/.pnpm/@coral-xyz+anchor@0.32.1_bufferutil@4.1.0_typescript@5.9.3_utf-8-validate@5.0.10/node_modules/@coral-xyz/anchor/src/program/namespace/instruction.ts:44:23)
      at txFn (node_modules/.pnpm/@coral-xyz+anchor@0.32.1_bufferutil@4.1.0_typescript@5.9.3_utf-8-validate@5.0.10/node_modules/@coral-xyz/anchor/src/program/namespace/transaction.ts:24:14)
      at MethodsBuilder.rpc (node_modules/.pnpm/@coral-xyz+anchor@0.32.1_bufferutil@4.1.0_typescript@5.9.3_utf-8-validate@5.0.10/node_modules/@coral-xyz/anchor/src/program/namespace/rpc.ts:21:18)
      at MethodsBuilder.rpc (node_modules/.pnpm/@coral-xyz+anchor@0.32.1_bufferutil@4.1.0_typescript@5.9.3_utf-8-validate@5.0.10/node_modules/@coral-xyz/anchor/src/program/namespace/methods.ts:434:17)
      at async Context.<anonymous> (tests/blockbench.ts:88:9)

  5) Blockbench Program
       Performs YCSB read:
     Error: Account `ycsbStore` not provided.
      at <anonymous> (node_modules/.pnpm/@coral-xyz+anchor@0.32.1_bufferutil@4.1.0_typescript@5.9.3_utf-8-validate@5.0.10/node_modules/@coral-xyz/anchor/src/program/common.ts:51:15)
      at Array.forEach (<anonymous>)
      at validateAccounts (node_modules/.pnpm/@coral-xyz+anchor@0.32.1_bufferutil@4.1.0_typescript@5.9.3_utf-8-validate@5.0.10/node_modules/@coral-xyz/anchor/src/program/common.ts:46:14)
      at ix (node_modules/.pnpm/@coral-xyz+anchor@0.32.1_bufferutil@4.1.0_typescript@5.9.3_utf-8-validate@5.0.10/node_modules/@coral-xyz/anchor/src/program/namespace/instruction.ts:44:23)
      at txFn (node_modules/.pnpm/@coral-xyz+anchor@0.32.1_bufferutil@4.1.0_typescript@5.9.3_utf-8-validate@5.0.10/node_modules/@coral-xyz/anchor/src/program/namespace/transaction.ts:24:14)
      at simulate (node_modules/.pnpm/@coral-xyz+anchor@0.32.1_bufferutil@4.1.0_typescript@5.9.3_utf-8-validate@5.0.10/node_modules/@coral-xyz/anchor/src/program/namespace/simulate.ts:27:18)
      at MethodsBuilder.view (node_modules/.pnpm/@coral-xyz+anchor@0.32.1_bufferutil@4.1.0_typescript@5.9.3_utf-8-validate@5.0.10/node_modules/@coral-xyz/anchor/src/program/namespace/views.ts:26:36)
      at MethodsBuilder.view (node_modules/.pnpm/@coral-xyz+anchor@0.32.1_bufferutil@4.1.0_typescript@5.9.3_utf-8-validate@5.0.10/node_modules/@coral-xyz/anchor/src/program/namespace/methods.ts:409:17)
      at async Context.<anonymous> (tests/blockbench.ts:96:23)

  6) Blockbench Program
       Records a metric:
     TypeError: anchor.BN is not a constructor
      at Context.<anonymous> (tests/blockbench.ts:103:62)
      at process.processImmediate (node:internal/timers:504:21)

  7) Blockbench Program
       Resets metrics:
     Error: Account `benchmarkState` not provided.
      at <anonymous> (node_modules/.pnpm/@coral-xyz+anchor@0.32.1_bufferutil@4.1.0_typescript@5.9.3_utf-8-validate@5.0.10/node_modules/@coral-xyz/anchor/src/program/common.ts:51:15)
      at Array.forEach (<anonymous>)
      at validateAccounts (node_modules/.pnpm/@coral-xyz+anchor@0.32.1_bufferutil@4.1.0_typescript@5.9.3_utf-8-validate@5.0.10/node_modules/@coral-xyz/anchor/src/program/common.ts:46:14)
      at ix (node_modules/.pnpm/@coral-xyz+anchor@0.32.1_bufferutil@4.1.0_typescript@5.9.3_utf-8-validate@5.0.10/node_modules/@coral-xyz/anchor/src/program/namespace/instruction.ts:44:23)
      at txFn (node_modules/.pnpm/@coral-xyz+anchor@0.32.1_bufferutil@4.1.0_typescript@5.9.3_utf-8-validate@5.0.10/node_modules/@coral-xyz/anchor/src/program/namespace/transaction.ts:24:14)
      at MethodsBuilder.rpc (node_modules/.pnpm/@coral-xyz+anchor@0.32.1_bufferutil@4.1.0_typescript@5.9.3_utf-8-validate@5.0.10/node_modules/@coral-xyz/anchor/src/program/namespace/rpc.ts:21:18)
      at MethodsBuilder.rpc (node_modules/.pnpm/@coral-xyz+anchor@0.32.1_bufferutil@4.1.0_typescript@5.9.3_utf-8-validate@5.0.10/node_modules/@coral-xyz/anchor/src/program/namespace/methods.ts:434:17)
      at async Context.<anonymous> (tests/blockbench.ts:115:9)




❌ Test blockbench.ts failed.

---------------------------------------------------------
Running test: energy_token.ts
---------------------------------------------------------
TYPE: Mocha Test (using mocha)


  Energy Token Program
    ✔ Initializes the token program (470ms)
    ✔ Creates user token account (459ms)
    1) Mints to wallet (admin only)
    ✔ Adds a REC validator (468ms)
    2) Transfers tokens
    3) Burns tokens


  3 passing (2s)
  3 failing

  1) Energy Token Program
       Mints to wallet (admin only):
     TypeError: anchor.BN is not a constructor
      at Context.<anonymous> (tests/energy_token.ts:78:44)
      at process.processImmediate (node:internal/timers:504:21)

  2) Energy Token Program
       Transfers tokens:
     TypeError: anchor.BN is not a constructor
      at Context.<anonymous> (tests/energy_token.ts:119:46)
      at process.processTicksAndRejections (node:internal/process/task_queues:103:5)

  3) Energy Token Program
       Burns tokens:
     TypeError: anchor.BN is not a constructor
      at Context.<anonymous> (tests/energy_token.ts:132:42)
      at process.processImmediate (node:internal/timers:504:21)




❌ Test energy_token.ts failed.

---------------------------------------------------------
Running test: governance.ts
---------------------------------------------------------
TYPE: Mocha Test (using mocha)


  Governance Program
    1) Initializes POA configuration
    2) Issues an ERC certificate
    3) Validates ERC for trading
    4) Emergency pause and unpause
    5) Updates governance configuration
    6) Sets maintenance mode
    7) Updates ERC limits
    8) Proposes and cancels authority change


  0 passing (3s)
  8 failing

  1) Governance Program
       Initializes POA configuration:
     TypeError: Cannot read properties of undefined (reading 'fetch')
      at Context.<anonymous> (tests/governance.ts:43:60)
      at process.processTicksAndRejections (node:internal/process/task_queues:103:5)

  2) Governance Program
       Issues an ERC certificate:
     TypeError: anchor.BN is not a constructor
      at Context.<anonymous> (tests/governance.ts:57:13)
      at process.processImmediate (node:internal/timers:504:21)

  3) Governance Program
       Validates ERC for trading:
     Error: Account `poaConfig` not provided.
      at <anonymous> (node_modules/.pnpm/@coral-xyz+anchor@0.32.1_bufferutil@4.1.0_typescript@5.9.3_utf-8-validate@5.0.10/node_modules/@coral-xyz/anchor/src/program/common.ts:51:15)
      at Array.forEach (<anonymous>)
      at validateAccounts (node_modules/.pnpm/@coral-xyz+anchor@0.32.1_bufferutil@4.1.0_typescript@5.9.3_utf-8-validate@5.0.10/node_modules/@coral-xyz/anchor/src/program/common.ts:46:14)
      at ix (node_modules/.pnpm/@coral-xyz+anchor@0.32.1_bufferutil@4.1.0_typescript@5.9.3_utf-8-validate@5.0.10/node_modules/@coral-xyz/anchor/src/program/namespace/instruction.ts:44:23)
      at txFn (node_modules/.pnpm/@coral-xyz+anchor@0.32.1_bufferutil@4.1.0_typescript@5.9.3_utf-8-validate@5.0.10/node_modules/@coral-xyz/anchor/src/program/namespace/transaction.ts:24:14)
      at MethodsBuilder.rpc (node_modules/.pnpm/@coral-xyz+anchor@0.32.1_bufferutil@4.1.0_typescript@5.9.3_utf-8-validate@5.0.10/node_modules/@coral-xyz/anchor/src/program/namespace/rpc.ts:21:18)
      at MethodsBuilder.rpc (node_modules/.pnpm/@coral-xyz+anchor@0.32.1_bufferutil@4.1.0_typescript@5.9.3_utf-8-validate@5.0.10/node_modules/@coral-xyz/anchor/src/program/namespace/methods.ts:434:17)
      at async Context.<anonymous> (tests/governance.ts:75:9)

  4) Governance Program
       Emergency pause and unpause:
     TypeError: Cannot read properties of undefined (reading 'fetch')
      at Context.<anonymous> (tests/governance.ts:90:54)
      at process.processTicksAndRejections (node:internal/process/task_queues:103:5)

  5) Governance Program
       Updates governance configuration:
     TypeError: Cannot read properties of undefined (reading 'fetch')
      at Context.<anonymous> (tests/governance.ts:108:56)
      at process.processTicksAndRejections (node:internal/process/task_queues:103:5)

  6) Governance Program
       Sets maintenance mode:
     TypeError: Cannot read properties of undefined (reading 'fetch')
      at Context.<anonymous> (tests/governance.ts:118:56)
      at process.processTicksAndRejections (node:internal/process/task_queues:103:5)

  7) Governance Program
       Updates ERC limits:
     TypeError: anchor.BN is not a constructor
      at Context.<anonymous> (tests/governance.ts:130:13)
      at process.processImmediate (node:internal/timers:504:21)

  8) Governance Program
       Proposes and cancels authority change:
     TypeError: Cannot read properties of undefined (reading 'fetch')
      at Context.<anonymous> (tests/governance.ts:149:54)
      at process.processTicksAndRejections (node:internal/process/task_queues:103:5)




❌ Test governance.ts failed.

---------------------------------------------------------
Running test: gridtokenx.ts
---------------------------------------------------------
TYPE: Mocha Test (using mocha)


  GridTokenX Full Integration
Market: 264xozcPTBmjXg5rmJtj2rp9g8Le5MwySL9gtkH7QGT4
Energy Mint: dJigUsFcxnafn9pbpyxjqW6vh5vzbpVsVBCZSZe9GpM
✅ Registry Initialize 
✅ Set Oracle 
⚠️ Energy Token Initialize (Already Initialized)
✅ Market Initialize 
Currency Mint: 6wYaRRpRVuVgzrBzCghDfLF7QmHygkoYz3F3jzE3dhSh
    ✔ 1. Setup Infrastructure (7202ms)
✅ Register User 
✅ Register Meter 
Registry Config: 57Uo3vhNkxtnkzLyZSJNH4SH3sD8FZ5hYfDwPA3aNAWP
Meter PDA: AU55Fsr85Q48KQaFqRq6ZTwHk2aTJfJCmSS2YGBeWJQb
Oracle: ArrKvDXJgbL2PifoucouJLR3PeEWwzNCdXeaPhyFb6m7
✅ Oracle Update
    1) 2. Register and Mint Energy (Seller)
    2) 3. P2P Order Creation & Settlement


  1 passing (9s)
  2 failing

  1) GridTokenX Full Integration
       2. Register and Mint Energy (Seller):
     Error: AnchorError thrown in programs/energy-token/src/lib.rs:253. Error Code: UnauthorizedAuthority. Error Number: 6000. Error Message: Unauthorized authority.
      at AnchorError.parse (node_modules/.pnpm/@coral-xyz+anchor@0.32.1_bufferutil@4.1.0_typescript@5.9.3_utf-8-validate@5.0.10/node_modules/@coral-xyz/anchor/src/error.ts:152:14)
      at translateError (node_modules/.pnpm/@coral-xyz+anchor@0.32.1_bufferutil@4.1.0_typescript@5.9.3_utf-8-validate@5.0.10/node_modules/@coral-xyz/anchor/src/error.ts:277:35)
      at MethodsBuilder.rpc (node_modules/.pnpm/@coral-xyz+anchor@0.32.1_bufferutil@4.1.0_typescript@5.9.3_utf-8-validate@5.0.10/node_modules/@coral-xyz/anchor/src/program/namespace/rpc.ts:35:29)
      at process.processTicksAndRejections (node:internal/process/task_queues:103:5)
      at async Context.<anonymous> (tests/gridtokenx.ts:201:9)

  2) GridTokenX Full Integration
       3. P2P Order Creation & Settlement:
     Error: Simulation failed. 
Message: Transaction simulation failed: Error processing Instruction 0: custom program error: 0x1. 
Logs: 
[
  "Program TokenzQdBNbLqP5VEhdkAS6EPFLC1PHnBqCXEpPxuEb invoke [1]",
  "Program log: Instruction: Transfer",
  "Program log: Error: insufficient funds",
  "Program TokenzQdBNbLqP5VEhdkAS6EPFLC1PHnBqCXEpPxuEb consumed 3289 of 200000 compute units",
  "Program TokenzQdBNbLqP5VEhdkAS6EPFLC1PHnBqCXEpPxuEb failed: custom program error: 0x1"
]. 
Catch the `SendTransactionError` and call `getLogs()` on it for full details.
      at Connection.sendEncodedTransaction (node_modules/.pnpm/@solana+web3.js@1.98.4_bufferutil@4.1.0_typescript@5.9.3_utf-8-validate@5.0.10/node_modules/@solana/web3.js/src/connection.ts:6053:13)
      at process.processTicksAndRejections (node:internal/process/task_queues:103:5)
      at async Connection.sendRawTransaction (node_modules/.pnpm/@solana+web3.js@1.98.4_bufferutil@4.1.0_typescript@5.9.3_utf-8-validate@5.0.10/node_modules/@solana/web3.js/src/connection.ts:6009:20)
      at async Connection.sendTransaction (node_modules/.pnpm/@solana+web3.js@1.98.4_bufferutil@4.1.0_typescript@5.9.3_utf-8-validate@5.0.10/node_modules/@solana/web3.js/src/connection.ts:5997:12)
      at async sendAndConfirmTransaction (node_modules/.pnpm/@solana+web3.js@1.98.4_bufferutil@4.1.0_typescript@5.9.3_utf-8-validate@5.0.10/node_modules/@solana/web3.js/src/utils/send-and-confirm-transaction.ts:36:21)
      at async transferSpl (tests/gridtokenx.ts:333:5)
      at async Context.<anonymous> (tests/gridtokenx.ts:220:9)




❌ Test gridtokenx.ts failed.

---------------------------------------------------------
Running test: gridtokenx_failures.ts
---------------------------------------------------------
TYPE: Mocha Test (using mocha)


  GridTokenX Failure Scenarios (Sad Paths)
    ✔ FAIL: Register User Twice (471ms)
    ✔ FAIL: Register Meter with Wrong Owner
    1) FAIL: Unauthorized Minting (Direct Call)
⚠️ Order created without balance checks (Design choice?)
    ✔ FAIL: Trading - Sell Order with Insufficient Balance (469ms)


  3 passing (3s)
  1 failing

  1) GridTokenX Failure Scenarios (Sad Paths)
       FAIL: Unauthorized Minting (Direct Call):
     
  TokenAccountNotFoundError
      at unpackAccount (node_modules/.pnpm/@solana+spl-token@0.4.14_@solana+web3.js@1.98.4_bufferutil@4.1.0_typescript@5.9.3_utf-8-valid_marz26fiis52knpb3q6tvxw7gi/node_modules/@solana/spl-token/src/state/account.ts:170:22)
      at getAccount (node_modules/.pnpm/@solana+spl-token@0.4.14_@solana+web3.js@1.98.4_bufferutil@4.1.0_typescript@5.9.3_utf-8-valid_marz26fiis52knpb3q6tvxw7gi/node_modules/@solana/spl-token/src/state/account.ts:103:12)
      at process.processTicksAndRejections (node:internal/process/task_queues:103:5)
      at async getOrCreateAssociatedTokenAccount (node_modules/.pnpm/@solana+spl-token@0.4.14_@solana+web3.js@1.98.4_bufferutil@4.1.0_typescript@5.9.3_utf-8-valid_marz26fiis52knpb3q6tvxw7gi/node_modules/@solana/spl-token/src/actions/getOrCreateAssociatedTokenAccount.ts:79:23)
      at async Promise.all (index 0)
      at async Context.<anonymous> (tests/gridtokenx_failures.ts:144:34)




❌ Test gridtokenx_failures.ts failed.

---------------------------------------------------------
Running test: oracle.ts
---------------------------------------------------------
TYPE: Mocha Test (using mocha)


  Oracle Program
    ✔ Initializes the oracle (473ms)
    1) Submits meter reading via API Gateway
    2) Fails to submit reading from unauthorized gateway
    ✔ Triggers market clearing (455ms)
    ✔ Updates oracle status (962ms)
    ✔ Updates API Gateway (937ms)
    3) Updates validation config
    ✔ Adds and removes backup oracles (922ms)


  5 passing (4s)
  3 failing

  1) Oracle Program
       Submits meter reading via API Gateway:
     TypeError: anchor.BN is not a constructor
      at Context.<anonymous> (tests/oracle.ts:55:27)
      at process.processImmediate (node:internal/timers:504:21)

  2) Oracle Program
       Fails to submit reading from unauthorized gateway:
     TypeError: anchor.BN is not a constructor
      at Context.<anonymous> (tests/oracle.ts:66:27)
      at process.processImmediate (node:internal/timers:504:21)

  3) Oracle Program
       Updates validation config:
     TypeError: anchor.BN is not a constructor
      at Context.<anonymous> (tests/oracle.ts:125:13)
      at process.processImmediate (node:internal/timers:504:21)




❌ Test oracle.ts failed.

---------------------------------------------------------
Running test: registry.ts
---------------------------------------------------------
TYPE: Mocha Test (using mocha)


  Registry Program
Registry already initialized
    ✔ Initializes the registry
    ✔ Sets oracle authority (440ms)
    ✔ Registers a user (463ms)
    ✔ Registers a meter (468ms)
    1) Updates meter reading
    ✔ Updates user status (928ms)
    ✔ Sets meter status (928ms)
    2) Gets unsettled balance (view)
    3) Settles meter balance
    ✔ Deactivates a meter (457ms)


  7 passing (4s)
  3 failing

  1) Registry Program
       Updates meter reading:
     TypeError: anchor.BN is not a constructor
      at Context.<anonymous> (tests/registry.ts:99:27)
      at process.processImmediate (node:internal/timers:504:21)

  2) Registry Program
       Gets unsettled balance (view):

      AssertionError: expected +0 to equal 80
      + expected - actual

      -0
      +80
      
      at Context.<anonymous> (tests/registry.ts:155:16)
      at process.processTicksAndRejections (node:internal/process/task_queues:103:5)

  3) Registry Program
       Settles meter balance:
     Error: AnchorError thrown in programs/registry/src/lib.rs:378. Error Code: NoUnsettledBalance. Error Number: 6006. Error Message: No unsettled balance to tokenize.
      at AnchorError.parse (node_modules/.pnpm/@coral-xyz+anchor@0.32.1_bufferutil@4.1.0_typescript@5.9.3_utf-8-validate@5.0.10/node_modules/@coral-xyz/anchor/src/error.ts:152:14)
      at translateError (node_modules/.pnpm/@coral-xyz+anchor@0.32.1_bufferutil@4.1.0_typescript@5.9.3_utf-8-validate@5.0.10/node_modules/@coral-xyz/anchor/src/error.ts:277:35)
      at MethodsBuilder.rpc (node_modules/.pnpm/@coral-xyz+anchor@0.32.1_bufferutil@4.1.0_typescript@5.9.3_utf-8-validate@5.0.10/node_modules/@coral-xyz/anchor/src/program/namespace/rpc.ts:35:29)
      at process.processTicksAndRejections (node:internal/process/task_queues:103:5)
      at async Context.<anonymous> (tests/registry.ts:159:9)




❌ Test registry.ts failed.

---------------------------------------------------------
Running test: tpc_benchmark.ts
---------------------------------------------------------
TYPE: Mocha Test (using mocha)

 Exception during run: TypeError: anchor.BN is not a constructor
    at Suite.<anonymous> (/Users/chanthawat/Developments/gridtokenx-platform-infa/gridtokenx-anchor/tests/tpc_benchmark.ts:24:18)
    at Object.create (/Users/chanthawat/Developments/gridtokenx-platform-infa/gridtokenx-anchor/node_modules/.pnpm/mocha@10.8.2/node_modules/mocha/lib/interfaces/common.js:148:19)
    at context.describe.context.context (/Users/chanthawat/Developments/gridtokenx-platform-infa/gridtokenx-anchor/node_modules/.pnpm/mocha@10.8.2/node_modules/mocha/lib/interfaces/bdd.js:42:27)
    at <anonymous> (/Users/chanthawat/Developments/gridtokenx-platform-infa/gridtokenx-anchor/tests/tpc_benchmark.ts:12:1)
    at ModuleJob.run (node:internal/modules/esm/module_job:413:25)
    at async onImport.tracePromise.__proto__ (node:internal/modules/esm/loader:660:26)
    at async formattedImport (/Users/chanthawat/Developments/gridtokenx-platform-infa/gridtokenx-anchor/node_modules/.pnpm/mocha@10.8.2/node_modules/mocha/lib/nodejs/esm-utils.js:9:14)
    at async exports.requireOrImport (/Users/chanthawat/Developments/gridtokenx-platform-infa/gridtokenx-anchor/node_modules/.pnpm/mocha@10.8.2/node_modules/mocha/lib/nodejs/esm-utils.js:42:28)
    at async exports.loadFilesAsync (/Users/chanthawat/Developments/gridtokenx-platform-infa/gridtokenx-anchor/node_modules/.pnpm/mocha@10.8.2/node_modules/mocha/lib/nodejs/esm-utils.js:100:20)
    at async singleRun (/Users/chanthawat/Developments/gridtokenx-platform-infa/gridtokenx-anchor/node_modules/.pnpm/mocha@10.8.2/node_modules/mocha/lib/cli/run-helpers.js:162:3)
    at async exports.handler (/Users/chanthawat/Developments/gridtokenx-platform-infa/gridtokenx-anchor/node_modules/.pnpm/mocha@10.8.2/node_modules/mocha/lib/cli/run.js:375:5)

❌ Test tpc_benchmark.ts failed.

---------------------------------------------------------
Running test: trading.ts
---------------------------------------------------------
TYPE: Mocha Test (using mocha)


  Trading Program
    1) "before all" hook for "Initializes the market"


  0 passing (5s)
  1 failing

  1) Trading Program
       "before all" hook for "Initializes the market":
     Error: Simulation failed. 
Message: Transaction simulation failed: Error processing Instruction 0: Provided owner is not allowed. 
Logs: 
[
  "Program ATokenGPvbdGVxr1b2hvZbsiqW5xWH25efTNsLJA8knL invoke [1]",
  "Program log: Create",
  "Program ATokenGPvbdGVxr1b2hvZbsiqW5xWH25efTNsLJA8knL consumed 4929 of 200000 compute units",
  "Program ATokenGPvbdGVxr1b2hvZbsiqW5xWH25efTNsLJA8knL failed: Provided owner is not allowed"
]. 
Catch the `SendTransactionError` and call `getLogs()` on it for full details.
      at Connection.sendEncodedTransaction (node_modules/.pnpm/@solana+web3.js@1.98.4_bufferutil@4.1.0_typescript@5.9.3_utf-8-validate@5.0.10/node_modules/@solana/web3.js/src/connection.ts:6053:13)
      at process.processTicksAndRejections (node:internal/process/task_queues:103:5)
      at async Connection.sendRawTransaction (node_modules/.pnpm/@solana+web3.js@1.98.4_bufferutil@4.1.0_typescript@5.9.3_utf-8-validate@5.0.10/node_modules/@solana/web3.js/src/connection.ts:6009:20)
      at async Connection.sendTransaction (node_modules/.pnpm/@solana+web3.js@1.98.4_bufferutil@4.1.0_typescript@5.9.3_utf-8-validate@5.0.10/node_modules/@solana/web3.js/src/connection.ts:5997:12)
      at async Object.sendAndConfirmTransaction (node_modules/.pnpm/@solana+web3.js@1.98.4_bufferutil@4.1.0_typescript@5.9.3_utf-8-validate@5.0.10/node_modules/@solana/web3.js/src/utils/send-and-confirm-transaction.ts:36:21)
      at async createATA (tests/trading.ts:77:9)
      at async Context.<anonymous> (tests/trading.ts:64:29)




❌ Test trading.ts failed.

One or more tests failed.
